// Vitest Snapshot v1, https://vitest.dev/guide/snapshot.html

exports[`Board > creates a snapshot of the component 1`] = `
<div>
  <div
    class="h-screen flex flex-col overflow-hidden"
  >
    <div
      class="px-6 py-3 border-b border-gray-200 bg-white flex items-center justify-between"
    >
      <div
        class="flex items-center space-x-3"
      >
        <h1
          class="text-lg font-semibold text-gray-800"
        >
          Test Board
        </h1>
      </div>
      <div
        class="flex items-center space-x-4"
      >
        <div
          class="flex items-center space-x-1 timer-controls"
        >
          <input
            class="text-gray-700 font-medium w-12 text-right border border-gray-300 rounded px-1 focus:outline-none focus:ring-1 focus:ring-blue-500 focus:border-blue-500"
            title="Edit time (MM:SS)"
            type="text"
            value="5:00"
          />
          <button
            aria-label="Start timer"
            class="cursor-pointer text-blue-500 hover:text-blue-600"
          >
            <svg
              class="lucide lucide-play h-4 w-4"
              fill="none"
              height="24"
              stroke="currentColor"
              stroke-linecap="round"
              stroke-linejoin="round"
              stroke-width="2"
              viewBox="0 0 24 24"
              width="24"
              xmlns="http://www.w3.org/2000/svg"
            >
              <polygon
                points="6 3 20 12 6 21 6 3"
              />
            </svg>
          </button>
          <button
            aria-label="Reset timer"
            class="text-gray-400 hover:text-gray-600 cursor-pointer"
          >
            <svg
              class="lucide lucide-rotate-ccw h-4 w-4"
              fill="none"
              height="24"
              stroke="currentColor"
              stroke-linecap="round"
              stroke-linejoin="round"
              stroke-width="2"
              viewBox="0 0 24 24"
              width="24"
              xmlns="http://www.w3.org/2000/svg"
            >
              <path
                d="M3 12a9 9 0 1 0 9-9 9.75 9.75 0 0 0-6.74 2.74L3 8"
              />
              <path
                d="M3 3v5h5"
              />
            </svg>
          </button>
        </div>
        <div
          class="flex space-x-5"
        >
          <button
            class="text-gray-700 hover:text-gray-900 flex items-center cursor-pointer "
          >
            <svg
              class="lucide lucide-users h-5 w-5"
              fill="none"
              height="24"
              stroke="currentColor"
              stroke-linecap="round"
              stroke-linejoin="round"
              stroke-width="2"
              viewBox="0 0 24 24"
              width="24"
              xmlns="http://www.w3.org/2000/svg"
            >
              <path
                d="M16 21v-2a4 4 0 0 0-4-4H6a4 4 0 0 0-4 4v2"
              />
              <circle
                cx="9"
                cy="7"
                r="4"
              />
              <path
                d="M22 21v-2a4 4 0 0 0-3-3.87"
              />
              <path
                d="M16 3.13a4 4 0 0 1 0 7.75"
              />
            </svg>
            <span
              class="ml-1 text-sm"
            >
              Participants
            </span>
          </button>
          <button
            class="text-gray-700 hover:text-gray-900 flex items-center cursor-pointer "
          >
            <svg
              class="lucide lucide-trending-up h-5 w-5"
              fill="none"
              height="24"
              stroke="currentColor"
              stroke-linecap="round"
              stroke-linejoin="round"
              stroke-width="2"
              viewBox="0 0 24 24"
              width="24"
              xmlns="http://www.w3.org/2000/svg"
            >
              <polyline
                points="22 7 13.5 15.5 8.5 10.5 2 17"
              />
              <polyline
                points="16 7 22 7 22 13"
              />
            </svg>
            <span
              class="ml-1 text-sm"
            >
              Action points
            </span>
            <span
              class="ml-1 bg-blue-100 text-blue-800 text-xs font-medium px-2 py-0.5 rounded-full"
            >
              2
            </span>
          </button>
          <button
            class="text-gray-700 hover:text-gray-900 flex items-center cursor-pointer"
          >
            <svg
              class="lucide lucide-download h-5 w-5"
              fill="none"
              height="24"
              stroke="currentColor"
              stroke-linecap="round"
              stroke-linejoin="round"
              stroke-width="2"
              viewBox="0 0 24 24"
              width="24"
              xmlns="http://www.w3.org/2000/svg"
            >
              <path
                d="M21 15v4a2 2 0 0 1-2 2H5a2 2 0 0 1-2-2v-4"
              />
              <polyline
                points="7 10 12 15 17 10"
              />
              <line
                x1="12"
                x2="12"
                y1="15"
                y2="3"
              />
            </svg>
            <span
              class="ml-1 text-sm"
            >
              Export
            </span>
          </button>
          <button
            class="text-gray-700 hover:text-gray-900 flex items-center cursor-pointer"
          >
            <svg
              class="lucide lucide-share2 lucide-share-2 h-5 w-5"
              fill="none"
              height="24"
              stroke="currentColor"
              stroke-linecap="round"
              stroke-linejoin="round"
              stroke-width="2"
              viewBox="0 0 24 24"
              width="24"
              xmlns="http://www.w3.org/2000/svg"
            >
              <circle
                cx="18"
                cy="5"
                r="3"
              />
              <circle
                cx="6"
                cy="12"
                r="3"
              />
              <circle
                cx="18"
                cy="19"
                r="3"
              />
              <line
                x1="8.59"
                x2="15.42"
                y1="13.51"
                y2="17.49"
              />
              <line
                x1="15.41"
                x2="8.59"
                y1="6.51"
                y2="10.49"
              />
            </svg>
            <span
              class="ml-1 text-sm"
            >
              Share
            </span>
          </button>
          <button
            class="text-gray-700 hover:text-gray-900 flex items-center cursor-pointer "
          >
            <svg
              class="lucide lucide-settings h-5 w-5"
              fill="none"
              height="24"
              stroke="currentColor"
              stroke-linecap="round"
              stroke-linejoin="round"
              stroke-width="2"
              viewBox="0 0 24 24"
              width="24"
              xmlns="http://www.w3.org/2000/svg"
            >
              <path
                d="M12.22 2h-.44a2 2 0 0 0-2 2v.18a2 2 0 0 1-1 1.73l-.43.25a2 2 0 0 1-2 0l-.15-.08a2 2 0 0 0-2.73.73l-.22.38a2 2 0 0 0 .73 2.73l.15.1a2 2 0 0 1 1 1.72v.51a2 2 0 0 1-1 1.74l-.15.09a2 2 0 0 0-.73 2.73l.22.38a2 2 0 0 0 2.73.73l.15-.08a2 2 0 0 1 2 0l.43.25a2 2 0 0 1 1 1.73V20a2 2 0 0 0 2 2h.44a2 2 0 0 0 2-2v-.18a2 2 0 0 1 1-1.73l.43-.25a2 2 0 0 1 2 0l.15.08a2 2 0 0 0 2.73-.73l.22-.39a2 2 0 0 0-.73-2.73l-.15-.08a2 2 0 0 1-1-1.74v-.5a2 2 0 0 1 1-1.74l.15-.09a2 2 0 0 0 .73-2.73l-.22-.38a2 2 0 0 0-2.73-.73l-.15.08a2 2 0 0 1-2 0l-.43-.25a2 2 0 0 1-1-1.73V4a2 2 0 0 0-2-2z"
              />
              <circle
                cx="12"
                cy="12"
                r="3"
              />
            </svg>
            <span
              class="ml-1 text-sm"
            >
              Options
            </span>
          </button>
        </div>
      </div>
    </div>
    <div
      data-testid="drag-drop-context"
    >
      <div
        class="flex-1 px-6 py-4 overflow-hidden"
      >
        <div
          class="grid h-full gap-6"
          style="grid-template-columns: repeat(3, minmax(0, 1fr)); grid-auto-flow: column dense;"
        >
          <div
            class="border-r border-l border-gray-200 bg-white rounded shadow-sm h-full flex flex-col overflow-hidden"
            data-testid="column-col1"
            data-title="What went well"
          >
            <div
              class="w-full h-full bg-white flex flex-col overflow-hidden"
            >
              <div
                class="flex justify-between items-center px-4 py-3 border-b border-gray-200 flex-shrink-0"
              >
                <h2
                  class="text-lg font-medium text-gray-800"
                >
                  What went well
                </h2>
                <div
                  class="flex items-center space-x-2"
                >
                  <button
                    class="flex items-center text-blue-600 hover:text-blue-700 cursor-pointer"
                    data-testid="sort-toggle-col1"
                  >
                    <svg
                      class="lucide lucide-arrow-up-down h-4 w-4"
                      fill="none"
                      height="24"
                      stroke="currentColor"
                      stroke-linecap="round"
                      stroke-linejoin="round"
                      stroke-width="2"
                      viewBox="0 0 24 24"
                      width="24"
                      xmlns="http://www.w3.org/2000/svg"
                    >
                      <path
                        d="m21 16-4 4-4-4"
                      />
                      <path
                        d="M17 20V4"
                      />
                      <path
                        d="m3 8 4-4 4 4"
                      />
                      <path
                        d="M7 4v16"
                      />
                    </svg>
                    <span
                      class="sr-only"
                    >
                      Sort
                    </span>
                  </button>
                  <div
                    class="relative"
                  >
                    <button
                      class="text-blue-600 hover:text-blue-700 cursor-pointer"
                      data-testid="column-menu-col1"
                    >
                      <svg
                        class="lucide lucide-ellipsis-vertical h-4 w-4"
                        fill="none"
                        height="24"
                        stroke="currentColor"
                        stroke-linecap="round"
                        stroke-linejoin="round"
                        stroke-width="2"
                        viewBox="0 0 24 24"
                        width="24"
                        xmlns="http://www.w3.org/2000/svg"
                      >
                        <circle
                          cx="12"
                          cy="12"
                          r="1"
                        />
                        <circle
                          cx="12"
                          cy="5"
                          r="1"
                        />
                        <circle
                          cx="12"
                          cy="19"
                          r="1"
                        />
                      </svg>
                      <span
                        class="sr-only"
                      >
                        More options
                      </span>
                    </button>
                  </div>
                </div>
              </div>
              <div
                class="flex-grow overflow-y-auto p-3 space-y-3"
              >
                <div
                  class="h-full overflow-y-scroll scrollbar-thin scrollbar-thumb-gray-300 scrollbar-track-gray-100 hover:scrollbar-thumb-gray-400"
                  data-testid="droppable-col1"
                >
                  <div
                    data-card-data="{"id":"card1","boardId":"test-board-id","columnId":"col1","content":"Test Card 1","authorId":"test-user-id","authorName":"Test User","createdAt":{},"votes":3,"position":0}"
                    data-testid="draggable-card1"
                  >
                    Test Card 1
                  </div>
                </div>
              </div>
              <div
                class="p-3 border-t border-gray-200 flex-shrink-0"
              >
                <button
                  class="w-full p-2 text-sm text-blue-600 bg-gray-50 hover:bg-gray-100 rounded flex items-center justify-center cursor-pointer"
                >
                  + Add a card
                </button>
              </div>
            </div>
          </div>
          <div
            class="border-r border-l border-gray-200 bg-white rounded shadow-sm h-full flex flex-col overflow-hidden"
            data-testid="column-col2"
            data-title="What can be improved"
          >
            <div
              class="w-full h-full bg-white flex flex-col overflow-hidden"
            >
              <div
                class="flex justify-between items-center px-4 py-3 border-b border-gray-200 flex-shrink-0"
              >
                <h2
                  class="text-lg font-medium text-gray-800"
                >
                  What can be improved
                </h2>
                <div
                  class="flex items-center space-x-2"
                >
                  <button
                    class="flex items-center text-blue-600 hover:text-blue-700 cursor-pointer"
                    data-testid="sort-toggle-col2"
                  >
                    <svg
                      class="lucide lucide-arrow-up-down h-4 w-4"
                      fill="none"
                      height="24"
                      stroke="currentColor"
                      stroke-linecap="round"
                      stroke-linejoin="round"
                      stroke-width="2"
                      viewBox="0 0 24 24"
                      width="24"
                      xmlns="http://www.w3.org/2000/svg"
                    >
                      <path
                        d="m21 16-4 4-4-4"
                      />
                      <path
                        d="M17 20V4"
                      />
                      <path
                        d="m3 8 4-4 4 4"
                      />
                      <path
                        d="M7 4v16"
                      />
                    </svg>
                    <span
                      class="sr-only"
                    >
                      Sort
                    </span>
                  </button>
                  <div
                    class="relative"
                  >
                    <button
                      class="text-blue-600 hover:text-blue-700 cursor-pointer"
                      data-testid="column-menu-col2"
                    >
                      <svg
                        class="lucide lucide-ellipsis-vertical h-4 w-4"
                        fill="none"
                        height="24"
                        stroke="currentColor"
                        stroke-linecap="round"
                        stroke-linejoin="round"
                        stroke-width="2"
                        viewBox="0 0 24 24"
                        width="24"
                        xmlns="http://www.w3.org/2000/svg"
                      >
                        <circle
                          cx="12"
                          cy="12"
                          r="1"
                        />
                        <circle
                          cx="12"
                          cy="5"
                          r="1"
                        />
                        <circle
                          cx="12"
                          cy="19"
                          r="1"
                        />
                      </svg>
                      <span
                        class="sr-only"
                      >
                        More options
                      </span>
                    </button>
                  </div>
                </div>
              </div>
              <div
                class="flex-grow overflow-y-auto p-3 space-y-3"
              >
                <div
                  class="h-full overflow-y-scroll scrollbar-thin scrollbar-thumb-gray-300 scrollbar-track-gray-100 hover:scrollbar-thumb-gray-400"
                  data-testid="droppable-col2"
                >
                  <div
                    data-card-data="{"id":"card2","boardId":"test-board-id","columnId":"col2","content":"Test Card 2","authorId":"other-user-id","authorName":"Other User","createdAt":{},"votes":1,"position":0}"
                    data-testid="draggable-card2"
                  >
                    Test Card 2
                  </div>
                </div>
              </div>
              <div
                class="p-3 border-t border-gray-200 flex-shrink-0"
              >
                <button
                  class="w-full p-2 text-sm text-blue-600 bg-gray-50 hover:bg-gray-100 rounded flex items-center justify-center cursor-pointer"
                >
                  + Add a card
                </button>
              </div>
            </div>
          </div>
          <div
            class="border-r border-l border-gray-200 bg-white rounded shadow-sm h-full flex flex-col overflow-hidden"
            data-testid="column-col3"
            data-title="Action items"
          >
            <div
              class="w-full h-full bg-white flex flex-col overflow-hidden"
            >
              <div
                class="flex justify-between items-center px-4 py-3 border-b border-gray-200 flex-shrink-0"
              >
                <h2
                  class="text-lg font-medium text-gray-800"
                >
                  Action items
                </h2>
                <div
                  class="flex items-center space-x-2"
                >
                  <button
                    class="flex items-center text-blue-600 hover:text-blue-700 cursor-pointer"
                    data-testid="sort-toggle-col3"
                  >
                    <svg
                      class="lucide lucide-arrow-up-down h-4 w-4"
                      fill="none"
                      height="24"
                      stroke="currentColor"
                      stroke-linecap="round"
                      stroke-linejoin="round"
                      stroke-width="2"
                      viewBox="0 0 24 24"
                      width="24"
                      xmlns="http://www.w3.org/2000/svg"
                    >
                      <path
                        d="m21 16-4 4-4-4"
                      />
                      <path
                        d="M17 20V4"
                      />
                      <path
                        d="m3 8 4-4 4 4"
                      />
                      <path
                        d="M7 4v16"
                      />
                    </svg>
                    <span
                      class="sr-only"
                    >
                      Sort
                    </span>
                  </button>
                  <div
                    class="relative"
                  >
                    <button
                      class="text-blue-600 hover:text-blue-700 cursor-pointer"
                      data-testid="column-menu-col3"
                    >
                      <svg
                        class="lucide lucide-ellipsis-vertical h-4 w-4"
                        fill="none"
                        height="24"
                        stroke="currentColor"
                        stroke-linecap="round"
                        stroke-linejoin="round"
                        stroke-width="2"
                        viewBox="0 0 24 24"
                        width="24"
                        xmlns="http://www.w3.org/2000/svg"
                      >
                        <circle
                          cx="12"
                          cy="12"
                          r="1"
                        />
                        <circle
                          cx="12"
                          cy="5"
                          r="1"
                        />
                        <circle
                          cx="12"
                          cy="19"
                          r="1"
                        />
                      </svg>
                      <span
                        class="sr-only"
                      >
                        More options
                      </span>
                    </button>
                  </div>
                </div>
              </div>
              <div
                class="flex-grow overflow-y-auto p-3 space-y-3"
              >
                <div
                  class="h-full overflow-y-scroll scrollbar-thin scrollbar-thumb-gray-300 scrollbar-track-gray-100 hover:scrollbar-thumb-gray-400"
                  data-testid="droppable-col3"
                >
                  <div
                    data-card-data="{"id":"card3","boardId":"test-board-id","columnId":"col3","content":"Test Card 3","authorId":"test-user-id","authorName":"Test User","createdAt":{},"votes":0,"position":0}"
                    data-testid="draggable-card3"
                  >
                    Test Card 3
                  </div>
                </div>
              </div>
              <div
                class="p-3 border-t border-gray-200 flex-shrink-0"
              >
                <button
                  class="w-full p-2 text-sm text-blue-600 bg-gray-50 hover:bg-gray-100 rounded flex items-center justify-center cursor-pointer"
                >
                  + Add a card
                </button>
              </div>
            </div>
          </div>
        </div>
      </div>
    </div>
  </div>
</div>
`;
